Renesas Optimizing Linker (W3.03.00 )             04-Oct-2021 22:07:58

*** Options ***

-subcommand=DefaultBuild\LCL_100kHz.clnk
-library=DefaultBuild\LCL_100kHz.lib
-input=DefaultBuild\dbsct.obj
-input=DefaultBuild\intprg.obj
-input=DefaultBuild\LCL_100kHz.obj
-input=DefaultBuild\resetprg.obj
-input=DefaultBuild\sbrk.obj
-input=DefaultBuild\vecttbl.obj
-input=DefaultBuild\hwsetup.obj
-noprelink
-output=DefaultBuild\LCL_100kHz.abs
-list=DefaultBuild\LCL_100kHz.map
-nooptimize
-start=B_1,R_1,B_2,R_2,B,R,SU,SI/04,PResetPRG/0FFE00000,C_1,C_2,C,C$DSEC,C$BSEC,C$INIT,C$VTBL,C$VECT,D_1,D_2,D,P,PIntPRG,W_1,W_2,W,L/0FFE00100,EXCEPTVECT/0FFFFFF80,RESETVECT/0FFFFFFFC
-rom=D=R,D_1=R_1,D_2=R_2
-nologo
-end

*** Error information ***

*** Mapping List ***

SECTION                            START      END         SIZE   ALIGN
B_1
                                  00000004  00000005         2   1
R_1
                                  00000006  0000002b        26   1
B_2
                                  0000002c  0000002c         0   1
R_2
                                  0000002c  00000045        1a   2
B
                                  00000048  0000044b       404   4
R
                                  0000044c  000015f7      11ac   4
SU
                                  000015f8  000016f7       100   4
SI
                                  000016f8  000019f7       300   4
$ADDR_C_120040
                                  00120040  00120043         4   1
$ADDR_C_120048
                                  00120048  0012004b         4   1
$ADDR_C_120050
                                  00120050  0012006f        20   1
PResetPRG
                                  ffe00000  ffe0003d        3e   1
C_1
                                  ffe00100  ffe00100         0   1
C_2
                                  ffe00100  ffe00100         0   1
C
                                  ffe00100  ffe00133        34   4
C$DSEC
                                  ffe00134  ffe00157        24   4
C$BSEC
                                  ffe00158  ffe0016f        18   4
C$INIT
                                  ffe00170  ffe00170         0   1
C$VTBL
                                  ffe00170  ffe00170         0   1
C$VECT
                                  ffe00170  ffe0056f       400   4
D_1
                                  ffe00570  ffe00595        26   1
D_2
                                  ffe00596  ffe005af        1a   2
D
                                  ffe005b0  ffe0175b      11ac   4
P
                                  ffe0175c  ffe03a17      22bc   1
PIntPRG
                                  ffe03a18  ffe03c09       1f2   1
W_1
                                  ffe03c0a  ffe03c0a         0   1
W_2
                                  ffe03c0a  ffe03c0a         0   1
W
                                  ffe03c0a  ffe03c0a         0   1
L
                                  ffe03c0a  ffe03c0a         0   1
EXCEPTVECT
                                  ffffff80  fffffffb        7c   4
RESETVECT
                                  fffffffc  ffffffff         4   4
